// Jest Snapshot v1, https://goo.gl/fbAQLP

exports[`utils – fs readFile should returns file content in given encoding 1`] = `
"# Story name

OPEN \\"https://google.com\\"
FIND \\"#lst-ib\\" AS \\"search-input\\"
TAKE \\"search-input\\" TYPE \\"Hello{Enter}\\"
WAIT \\"#rhscol\\"
FIND \\".bkWMgd\\" HAVE \\"length\\" NOT EQUAL \\"0\\"
"
`;
